2024-06-17 14:15:00 | WARN | repo=libuv | action=pull
2024-03-25 08:15:00 | DEBUG | repo=libuv | action=test | passed=true
2025-05-24 11:59:00 | DEBUG | repo=libuv | action=commit
2024-04-02 08:35:00 | DEBUG | repo=libuv | action=commit
2024-09-01 07:00:00 | INFO | repo=libuv | action=edit | files=1
2025-12-04 18:21:00 | DEBUG | repo=libuv | action=commit
2025-05-24 13:23:00 | DEBUG | repo=libuv | action=commit
2024-03-18 21:37:00 | INFO | repo=libuv | action=commit
2024-09-01 19:12:00 | WARN | repo=libuv | action=commit
2025-05-13 11:08:00 | DEBUG | repo=libuv | action=commit
2024-07-20 07:55:00 | WARN | repo=libuv | action=pull
2024-04-06 12:50:00 | INFO | repo=libuv | action=edit | files=3
2025-06-01 10:11:00 | INFO | repo=libuv | action=commit
2024-07-22 09:08:00 | INFO | repo=libuv | action=edit | files=5
2024-02-06 12:27:00 | WARN | repo=libuv | action=commit
2024-12-20 15:01:00 | INFO | repo=libuv | action=edit | files=5
2025-11-04 09:02:00 | WARN | repo=libuv | action=test | passed=true
2025-12-10 20:58:00 | INFO | repo=libuv | action=commit
2024-07-11 12:57:00 | INFO | repo=libuv | action=pull
2024-04-12 07:23:00 | WARN | repo=libuv | action=pull
2024-04-03 19:41:00 | WARN | repo=libuv | action=commit
2024-12-23 20:37:00 | INFO | repo=libuv | action=commit
